[INFO] Scanning for projects...
[INFO] 
[INFO] -------------------< com.example:TicketRisingSystem >-------------------
[INFO] Building TicketRisingSystem 0.0.1-SNAPSHOT
[INFO]   from pom.xml
[INFO] --------------------------------[ jar ]---------------------------------
[INFO] 
[INFO] --- clean:3.5.0:clean (default-clean) @ TicketRisingSystem ---
[INFO] Deleting C:\Users\Aadhitya\Downloads\TicketRisingSystem\target
[INFO] 
[INFO] --- resources:3.3.1:resources (default-resources) @ TicketRisingSystem ---
[INFO] Copying 3 resources from src\main\resources to target\classes
[INFO] Copying 0 resource from src\main\resources to target\classes
[INFO] 
[INFO] --- compiler:3.14.1:compile (default-compile) @ TicketRisingSystem ---
[INFO] Recompiling the module because of changed source code.
[INFO] Compiling 9 source files with javac [debug parameters release 21] to target\classes
[INFO] /C:/Users/Aadhitya/Downloads/TicketRisingSystem/src/main/java/com/example/ticketrisingsystem/security/JwtTokenProvider.java: Some input files use or override a deprecated API.
[INFO] /C:/Users/Aadhitya/Downloads/TicketRisingSystem/src/main/java/com/example/ticketrisingsystem/security/JwtTokenProvider.java: Recompile with -Xlint:deprecation for details.
[INFO] -------------------------------------------------------------
[ERROR] COMPILATION ERROR : 
[INFO] -------------------------------------------------------------
[ERROR] /C:/Users/Aadhitya/Downloads/TicketRisingSystem/src/main/java/com/example/ticketrisingsystem/config/SecurityConfig.java:[68,17] cannot find symbol
  symbol:   method and()
  location: class org.springframework.security.config.annotation.authentication.configurers.userdetails.DaoAuthenticationConfigurer<org.springframework.security.config.annotation.authentication.builders.AuthenticationManagerBuilder,org.springframework.security.core.userdetails.UserDetailsService>
[ERROR] /C:/Users/Aadhitya/Downloads/TicketRisingSystem/src/main/java/com/example/ticketrisingsystem/security/JwtTokenProvider.java:[47,20] cannot find symbol
  symbol:   method parserBuilder()
  location: class io.jsonwebtoken.Jwts
[ERROR] /C:/Users/Aadhitya/Downloads/TicketRisingSystem/src/main/java/com/example/ticketrisingsystem/security/JwtTokenProvider.java:[60,17] cannot find symbol
  symbol:   method parserBuilder()
  location: class io.jsonwebtoken.Jwts
[INFO] 3 errors 
[INFO] -------------------------------------------------------------
[INFO] ------------------------------------------------------------------------
[INFO] BUILD FAILURE
[INFO] ------------------------------------------------------------------------
[INFO] Total time:  6.546 s
[INFO] Finished at: 2026-03-27T10:36:33+05:30
[INFO] ------------------------------------------------------------------------
[ERROR] Failed to execute goal org.apache.maven.plugins:maven-compiler-plugin:3.14.1:compile (default-compile) on project TicketRisingSystem: Compilation failure: Compilation failure: 
[ERROR] /C:/Users/Aadhitya/Downloads/TicketRisingSystem/src/main/java/com/example/ticketrisingsystem/config/SecurityConfig.java:[68,17] cannot find symbol
[ERROR]   symbol:   method and()
[ERROR]   location: class org.springframework.security.config.annotation.authentication.configurers.userdetails.DaoAuthenticationConfigurer<org.springframework.security.config.annotation.authentication.builders.AuthenticationManagerBuilder,org.springframework.security.core.userdetails.UserDetailsService>
[ERROR] /C:/Users/Aadhitya/Downloads/TicketRisingSystem/src/main/java/com/example/ticketrisingsystem/security/JwtTokenProvider.java:[47,20] cannot find symbol
[ERROR]   symbol:   method parserBuilder()
[ERROR]   location: class io.jsonwebtoken.Jwts
[ERROR] /C:/Users/Aadhitya/Downloads/TicketRisingSystem/src/main/java/com/example/ticketrisingsystem/security/JwtTokenProvider.java:[60,17] cannot find symbol
[ERROR]   symbol:   method parserBuilder()
[ERROR]   location: class io.jsonwebtoken.Jwts
[ERROR] -> [Help 1]
[ERROR] 
[ERROR] To see the full stack trace of the errors, re-run Maven with the -e switch.
[ERROR] Re-run Maven using the -X switch to enable full debug logging.
[ERROR] 
[ERROR] For more information about the errors and possible solutions, please read the following articles:
[ERROR] [Help 1] http://cwiki.apache.org/confluence/display/MAVEN/MojoFailureException
